error: failed to encode a component from module

Caused by:
    0: failed to decode world from module
    1: module was not valid
    2: failed to resolve import `a::a`
    3: module requires an import interface named `a`
