package root:component;

world root {
  type xe = u32;

  export name: func() -> xe;
}
