error: multiple worlds found; one must be explicitly chosen:
  test:hola/hello
  test:hola/some-other-world
