  types                                  |        0xa -        0xe |         4 bytes | 1 count
  functions                              |       0x10 -       0x12 |         2 bytes | 1 count
  code                                   |       0x14 -       0x18 |         4 bytes | 1 count
  custom "x"                             |       0x1c -       0x20 |         4 bytes | 1 count
