package root:root;

world root {
  import bar:bar/my-interface;
}
