error: `else` found outside `If` block (at offset 0x18)
