(module
  (data (;0;) (br 4294967295 (; INVALID ;)) "")
)
