error: function exceeds the maximum number of locals that can be printed
