error: operators remaining after end of function body or expression (at offset 0x18)
