(module
  (type (;0;) (func))
  (func $foo (;0;) (type 0))
)