(component $C
  (core type (;0;) (func))
  (core type (;1;)
    (module
      (alias outer $C 0 (type (;0;)))
      (export "x" (func (type 0)))
    )
  )
  (import "unbundled-module0" (core module (;0;) (type 1)))
  (core type $t (;2;) (func))
  (core type $m (;3;)
    (module
      (alias outer $C $t (type (;0;)))
    )
  )
  (component $C2 (;0;)
    (alias outer $C $t (core type (;0;)))
    (core type $t (;1;) (func))
    (core type $m (;2;)
      (module
        (alias outer $C2 $t (type (;0;)))
      )
    )
  )
  (alias outer $C 0 (core module $m (;1;)))
  (alias outer $C $m (core module $m2 (;2;)))
  (component (;1;)
    (alias outer $C $m (core module (;0;)))
    (alias outer $C $m2 (core module (;1;)))
  )
)
