(component $C
  (core type (;0;) (func))
  (core type (;1;)
    (module
      (alias outer $C 0 (type (;0;)))
      (export "x" (func (type 0)))
    )
  )
  (import "unbundled-module0" (core module (;0;) (type 1)))
  (core type $m (;2;)
    (module)
  )
  (import "x" (core module (;1;) (type $m)))
  (component (;0;))
  (alias outer $C 0 (core module (;2;)))
)
