/// RUN[gen]: component wit % --out-dir %tmpdir
/// RUN[read]: component wit %tmpdir
package foo:root;

package a:c {
  interface foo {
  }
}


package a:b {
  interface foo {
  }
  world c {
    import foo;
    import a:c/foo;
  }
}
