Writing: %tmpdir/deps/b.wit
Writing: %tmpdir/deps/b@0.2.0.wit
Writing: %tmpdir/deps/c.wit
Writing: %tmpdir/root.wit
