{
  "imports": [
    "wasi-file"
  ],
  "exports": [
    "work"
  ]
}