error: updating metadata for section component-type

Caused by:
    0: failed to merge worlds from two documents
    1: failed to merge world import a
    2: different kinds of items
