hand-enum(enm: left)
hand-enum(enm: left)
keyword-cases-enum(enm: %true)
keyword-cases-enum(enm: %false)
keyword-cases-enum(enm: %some)
keyword-cases-enum(enm: %none)
keyword-cases-enum(enm: %ok)
keyword-cases-enum(enm: %err)
keyword-cases-enum(enm: %inf)
keyword-cases-enum(enm: %nan)
