basic-record(rec: {required: 1})
basic-record(rec: {required: 1})
basic-record(rec: {required: 1})
basic-record(rec: {required: 1})
basic-record(rec: {required: 1, optional: some(2)})
basic-record(rec: {required: 1, optional: some(2)})
optional-fields-record(rec: {:})
optional-fields-record(rec: {:})
optional-fields-record(rec: {:})
optional-fields-record(rec: {:})
optional-fields-record(rec: {a: some(1)})
optional-fields-record(rec: {b: some(2)})
optional-fields-record(rec: {a: some(1), b: some(2)})
keyword-fields-record(rec: {true: true, false: false, some: some(1), ok: ok, err: err, inf: inf, nan: nan})
