list-chars(vals: ['W', 'A', 'V', 'E', 'ğŸŒŠ'])
list-chars(vals: ['\\', '\'', '\"', '\t', '\n', '\r'])
list-chars(vals: ['\u{0}', '\u{0}'])
list-chars(vals: ['x', 'x', 'x'])
list-chars(vals: ['â˜ƒ', 'â˜ƒ', 'â˜ƒ'])
list-chars(vals: ['\"', '\"', '\"'])
