// Reject surrogates.
invalid character escape at 8..9
invalid character escape at 8..9
invalid character escape at 8..9
invalid character escape at 8..9
invalid character escape at 8..9
// Reject invalid values.
invalid character escape at 8..9
invalid character escape at 8..9
invalid character escape at 8..9
// Reject invalid syntax.
invalid token at 7..8
invalid token at 7..8
// Missing mandatory escapes
invalid token at 7..10
invalid token at 7..11
invalid token at 7..8
// Multiline missing mandatory line breaks
invalid multiline string: opening """ must be followed immediately by newline at 10..11
invalid multiline string: opening """ must be followed immediately by newline at 10..11
// Multiline invalid delimiters
invalid multiline string: opening """ must be followed immediately by newline at 10..11
invalid token at 7..10
invalid token at 14..16
invalid multiline string: opening """ must be followed immediately by newline at 10..11
invalid multiline string: closing """ must be on a line preceded only by spaces at 13..16
// Multiline double quote triplet in content
invalid token at 19..22
unexpected token: LabelOrKeyword at 25..30
// Multiline invalid escapes
invalid character escape at 30..31
invalid character escape at 27..28
