invalid value type at 19..23
invalid value type at 19..24
unexpected token: ParenClose at 23..24
invalid value type at 19..23
invalid value type at 19..21
invalid value type at 19..22
invalid value type at 19..22
invalid value type at 19..22
