unexpected token: ParenClose at 14..15
unexpected token: ParenClose at 15..16
unexpected token: ParenClose at 19..20
unexpected token: ParenClose at 20..21
invalid value type at 15..22
invalid value type at 15..28
unexpected token: ParenOpen at 14..15
unexpected token: ParenOpen at 19..20
unexpected token: ParenOpen at 14..15
unexpected token: ParenOpen at 19..20
unexpected token: ParenOpen at 14..15
